// Jest Snapshot v1, https://goo.gl/fbAQLP

exports[`PokemonPicture component Match with Snapshot 1`] = `<div class="pokemon-container"><img class="hidden-pokemon fade-in" src="https://raw.githubusercontent.com/PokeAPI/sprites/master/sprites/pokemon/other/dream-world/1.svg" alt="pokemon"></div>`;
